C:\Users\Masha\OneDrive\university\thesis\mxp_hello_world_2_lvgl\evkmimxrt1064\lvgl_demo_widgets\CMSIS/mpu_armv7.h:191:22:ARM_MPU_Enable	16	static
C:\Users\Masha\OneDrive\university\thesis\mxp_hello_world_2_lvgl\evkmimxrt1064\lvgl_demo_widgets\CMSIS/mpu_armv7.h:204:22:ARM_MPU_Disable	4	static
C:\Users\Masha\OneDrive\university\thesis\mxp_hello_world_2_lvgl\evkmimxrt1064\lvgl_demo_widgets\drivers/fsl_clock.h:1408:20:CLOCK_SetMux	24	static
C:\Users\Masha\OneDrive\university\thesis\mxp_hello_world_2_lvgl\evkmimxrt1064\lvgl_demo_widgets\drivers/fsl_clock.h:1434:24:CLOCK_GetMux	16	static
C:\Users\Masha\OneDrive\university\thesis\mxp_hello_world_2_lvgl\evkmimxrt1064\lvgl_demo_widgets\drivers/fsl_clock.h:1461:20:CLOCK_SetDiv	24	static
C:\Users\Masha\OneDrive\university\thesis\mxp_hello_world_2_lvgl\evkmimxrt1064\lvgl_demo_widgets\drivers/fsl_clock.h:1486:24:CLOCK_GetDiv	16	static
C:\Users\Masha\OneDrive\university\thesis\mxp_hello_world_2_lvgl\evkmimxrt1064\lvgl_demo_widgets\drivers/fsl_clock.h:1547:24:CLOCK_GetOscFreq	4	static
../board/board.c:25:10:BOARD_DebugConsoleSrcFreq	24	static
../board/board.c:44:6:BOARD_InitDebugConsole	16	static
../board/board.c:52:6:BOARD_LPI2C_Init	48	static
../board/board.c:70:10:BOARD_LPI2C_Send	48	static
../board/board.c:90:10:BOARD_LPI2C_Receive	48	static
../board/board.c:110:10:BOARD_LPI2C_SendSCCB	48	static
../board/board.c:130:10:BOARD_LPI2C_ReceiveSCCB	56	static
../board/board.c:163:6:BOARD_Accel_I2C_Init	8	static
../board/board.c:168:10:BOARD_Accel_I2C_Send	40	static
../board/board.c:175:10:BOARD_Accel_I2C_Receive	32	static
../board/board.c:181:6:BOARD_Codec_I2C_Init	8	static
../board/board.c:186:10:BOARD_Codec_I2C_Send	32	static
../board/board.c:193:10:BOARD_Codec_I2C_Receive	32	static
../board/board.c:199:6:BOARD_Camera_I2C_Init	8	static
../board/board.c:206:10:BOARD_Camera_I2C_Send	32	static
../board/board.c:213:10:BOARD_Camera_I2C_Receive	32	static
../board/board.c:220:10:BOARD_Camera_I2C_SendSCCB	32	static
../board/board.c:227:10:BOARD_Camera_I2C_ReceiveSCCB	32	static
../board/board.c:234:10:BOARD_Touch_I2C_Send	32	static
../board/board.c:241:10:BOARD_Touch_I2C_Receive	32	static
../board/board.c:249:6:BOARD_ConfigMPU	48	static
