C:\Users\Masha\OneDrive\university\thesis\mxp_hello_world_2_lvgl\evkmimxrt1064\lvgl_demo_widgets\CMSIS/core_cm7.h:1911:22:__NVIC_EnableIRQ	16	static
C:\Users\Masha\OneDrive\university\thesis\mxp_hello_world_2_lvgl\evkmimxrt1064\lvgl_demo_widgets\CMSIS/core_cm7.h:2041:22:__NVIC_SetPriority	16	static
C:\Users\Masha\OneDrive\university\thesis\mxp_hello_world_2_lvgl\evkmimxrt1064\lvgl_demo_widgets\drivers/fsl_clock.h:1408:20:CLOCK_SetMux	24	static
C:\Users\Masha\OneDrive\university\thesis\mxp_hello_world_2_lvgl\evkmimxrt1064\lvgl_demo_widgets\drivers/fsl_clock.h:1461:20:CLOCK_SetDiv	24	static
C:\Users\Masha\OneDrive\university\thesis\mxp_hello_world_2_lvgl\evkmimxrt1064\lvgl_demo_widgets\drivers/fsl_elcdif.h:375:20:ELCDIF_RgbModeStart	16	static
C:\Users\Masha\OneDrive\university\thesis\mxp_hello_world_2_lvgl\evkmimxrt1064\lvgl_demo_widgets\drivers/fsl_elcdif.h:393:20:ELCDIF_SetNextBufferAddr	16	static
C:\Users\Masha\OneDrive\university\thesis\mxp_hello_world_2_lvgl\evkmimxrt1064\lvgl_demo_widgets\drivers/fsl_elcdif.h:542:20:ELCDIF_EnableInterrupts	16	static
C:\Users\Masha\OneDrive\university\thesis\mxp_hello_world_2_lvgl\evkmimxrt1064\lvgl_demo_widgets\drivers/fsl_elcdif.h:570:24:ELCDIF_GetInterruptStatus	24	static
C:\Users\Masha\OneDrive\university\thesis\mxp_hello_world_2_lvgl\evkmimxrt1064\lvgl_demo_widgets\drivers/fsl_elcdif.h:588:20:ELCDIF_ClearInterruptStatus	16	static
../board/lvgl_support.c:178:6:lv_port_pre_init	4	static
../board/lvgl_support.c:182:6:lv_port_disp_init	8	static
../board/lvgl_support.c:223:6:LCDIF_IRQHandler	16	static
../board/lvgl_support.c:249:13:DEMO_InitLcdClock	24	static
../board/lvgl_support.c:285:13:DEMO_InitLcdBackLight	16	static
../board/lvgl_support.c:347:13:DEMO_InitLcd	40	static
../board/lvgl_support.c:400:13:DEMO_CleanInvalidateCache	32	static
../board/lvgl_support.c:406:13:DEMO_FlushDisplay	24	static
../board/lvgl_support.c:437:6:lv_port_indev_init	8	static
../board/lvgl_support.c:537:13:DEMO_InitTouch	40	static
../board/lvgl_support.c:575:13:DEMO_ReadTouch	24	static
