C:\Users\Masha\OneDrive\university\thesis\mxp_hello_world_2_lvgl\evkmimxrt1064\lvgl_demo_widgets\drivers/fsl_common_arm.h:225:20:_SDK_AtomicLocalClearAndSet4Byte	48	static
C:\Users\Masha\OneDrive\university\thesis\mxp_hello_world_2_lvgl\evkmimxrt1064\lvgl_demo_widgets\drivers/fsl_clock.h:1497:20:CLOCK_ControlGate	32	static
C:\Users\Masha\OneDrive\university\thesis\mxp_hello_world_2_lvgl\evkmimxrt1064\lvgl_demo_widgets\drivers/fsl_clock.h:1514:20:CLOCK_EnableClock	16	static
C:\Users\Masha\OneDrive\university\thesis\mxp_hello_world_2_lvgl\evkmimxrt1064\lvgl_demo_widgets\drivers/fsl_iomuxc.h:1272:20:IOMUXC_SetPinMux	24	static
C:\Users\Masha\OneDrive\university\thesis\mxp_hello_world_2_lvgl\evkmimxrt1064\lvgl_demo_widgets\drivers/fsl_iomuxc.h:1304:20:IOMUXC_SetPinConfig	24	static
../board/pin_mux.c:28:6:BOARD_InitBootPins	8	static
../board/pin_mux.c:102:6:BOARD_InitPins	16	static
../board/pin_mux.c:261:6:BOARD_InitSemcPins	16	static
../board/pin_mux.c:362:6:BOARD_InitI2C1Pins	16	static
