C:\Users\Masha\OneDrive\university\thesis\mxp_hello_world_2_lvgl\evkmimxrt1064\lvgl_demo_widgets\drivers/fsl_common_arm.h:225:20:_SDK_AtomicLocalClearAndSet4Byte	48	static
C:\Users\Masha\OneDrive\university\thesis\mxp_hello_world_2_lvgl\evkmimxrt1064\lvgl_demo_widgets\drivers/fsl_clock.h:1497:20:CLOCK_ControlGate	32	static
C:\Users\Masha\OneDrive\university\thesis\mxp_hello_world_2_lvgl\evkmimxrt1064\lvgl_demo_widgets\drivers/fsl_clock.h:1514:20:CLOCK_EnableClock	16	static
C:\Users\Masha\OneDrive\university\thesis\mxp_hello_world_2_lvgl\evkmimxrt1064\lvgl_demo_widgets\drivers/fsl_adc.h:275:24:ADC_GetChannelConversionValue	16	static
C:\Users\Masha\OneDrive\university\thesis\mxp_hello_world_2_lvgl\evkmimxrt1064\lvgl_demo_widgets\drivers/fsl_adc.h:299:24:ADC_GetChannelStatusFlags	16	static
../source/tasks/sensor_tasks.c:24:6:CustomADC_Init	24	static
../source/tasks/sensor_tasks.c:32:10:readADCValue	24	static
../source/tasks/sensor_tasks.c:49:6:ListenSensor	16	static
../source/tasks/sensor_tasks.c:55:6:UpdateSensors	16	static
../source/tasks/sensor_tasks.c:70:6:UpdateSensorsTask	16	static
