C:/Users/Masha/OneDrive/university/thesis/mxp_hello_world_2_lvgl/evkmimxrt1064/lvgl_demo_widgets/lvgl/lvgl/src/misc/lv_area.h:295:26:lv_pct	16	static
C:/Users/Masha/OneDrive/university/thesis/mxp_hello_world_2_lvgl/evkmimxrt1064/lvgl_demo_widgets/lvgl/lvgl/src/misc/lv_color.h:595:26:lv_color_make	16	static
C:/Users/Masha/OneDrive/university/thesis/mxp_hello_world_2_lvgl/evkmimxrt1064/lvgl_demo_widgets/lvgl/lvgl/src/misc/lv_color.h:700:26:lv_color_black	8	static
C:\Users\Masha\OneDrive\university\thesis\mxp_hello_world_2_lvgl\evkmimxrt1064\lvgl_demo_widgets\lvgl\lvgl/src/core/lv_obj_style.h:205:20:lv_obj_set_style_pad_all	24	static
../source/ui/main_screen.c:38:6:DisplayPlant	168	static
../source/ui/main_screen.c:68:6:MainScreenInit	96	static
../source/ui/main_screen.c:127:6:UpdatePlantDashboard	80	static
../source/ui/main_screen.c:143:6:MainScreen_UpdateSelectionHighlight	24	static
../source/ui/main_screen.c:156:6:MainScreen_ProcessKeyboardInput	16	static
../source/ui/main_screen.c:178:6:MainScreenProcess	16	static
../source/ui/main_screen.c:188:6:MainScreenDeinit	4	static
