C:/Users/Masha/OneDrive/university/thesis/mxp_hello_world_2_lvgl/evkmimxrt1064/lvgl_demo_widgets/lvgl/lvgl/src/misc/lv_area.h:295:26:lv_pct	16	static
C:/Users/Masha/OneDrive/university/thesis/mxp_hello_world_2_lvgl/evkmimxrt1064/lvgl_demo_widgets/lvgl/lvgl/src/misc/lv_color.h:595:26:lv_color_make	16	static
C:/Users/Masha/OneDrive/university/thesis/mxp_hello_world_2_lvgl/evkmimxrt1064/lvgl_demo_widgets/lvgl/lvgl/src/misc/lv_color.h:696:26:lv_color_white	8	static
C:/Users/Masha/OneDrive/university/thesis/mxp_hello_world_2_lvgl/evkmimxrt1064/lvgl_demo_widgets/lvgl/lvgl/src/misc/lv_color.h:700:26:lv_color_black	8	static
C:\Users\Masha\OneDrive\university\thesis\mxp_hello_world_2_lvgl\evkmimxrt1064\lvgl_demo_widgets\lvgl\lvgl/src/core/lv_obj_style.h:205:20:lv_obj_set_style_pad_all	24	static
../source/ui/plant_details_screen.c:34:6:PlantDetailsScreenInit	256	static
../source/ui/plant_details_screen.c:95:6:DetailsScreen_UpdateSelectionHighlight	16	static
../source/ui/plant_details_screen.c:105:6:DetailsScreen_ProcessKeyboardInput	24	static
../source/ui/plant_details_screen.c:131:6:PlantDetailsScreenProcess	16	static
../source/ui/plant_details_screen.c:139:6:PlantDetailsScreenDeinit	4	static
