C:/Users/Masha/OneDrive/university/thesis/mxp_hello_world_2_lvgl/evkmimxrt1064/lvgl_demo_widgets/lvgl/lvgl/src/misc/lv_area.h:295:26:lv_pct	16	static
C:/Users/Masha/OneDrive/university/thesis/mxp_hello_world_2_lvgl/evkmimxrt1064/lvgl_demo_widgets/lvgl/lvgl/src/misc/lv_color.h:595:26:lv_color_make	16	static
C:/Users/Masha/OneDrive/university/thesis/mxp_hello_world_2_lvgl/evkmimxrt1064/lvgl_demo_widgets/lvgl/lvgl/src/misc/lv_color.h:696:26:lv_color_white	8	static
C:/Users/Masha/OneDrive/university/thesis/mxp_hello_world_2_lvgl/evkmimxrt1064/lvgl_demo_widgets/lvgl/lvgl/src/misc/lv_color.h:700:26:lv_color_black	8	static
C:\Users\Masha\OneDrive\university\thesis\mxp_hello_world_2_lvgl\evkmimxrt1064\lvgl_demo_widgets\lvgl\lvgl/src/core/lv_obj_style.h:205:20:lv_obj_set_style_pad_all	24	static
C:\Users\Masha\OneDrive\university\thesis\mxp_hello_world_2_lvgl\evkmimxrt1064\lvgl_demo_widgets\lvgl\lvgl/src/lv_api_map.h:55:20:lv_obj_move_foreground	24	static
../source/ui/wifi_screen.c:47:6:WiFiScreenInit	80	static
../source/ui/wifi_screen.c:119:6:WifiScreen_UpdateSelectionHighlight	24	static
../source/ui/wifi_screen.c:148:6:ConnectToWifi	104	static
../source/ui/wifi_screen.c:160:6:CheckConnection	32	static
../source/ui/wifi_screen.c:165:6:UpdateWifiNetworks	32	static
../source/ui/wifi_screen.c:178:6:ResetWifi	48	static
../source/ui/wifi_screen.c:187:6:WifiScreen_ProcessKeyboardInput	32	static
../source/ui/wifi_screen.c:224:6:UpdateWifiNetworksList	72	static
../source/ui/wifi_screen.c:245:6:UpdateConnectedNetwork	32	static
../source/ui/wifi_screen.c:269:6:ReadWifiResponse	1032	static
../source/ui/wifi_screen.c:284:6:WiFiScreenProcess	16	static
../source/ui/wifi_screen.c:297:6:WiFiScreenDeinit	4	static
