C:\Users\Masha\OneDrive\university\thesis\mxp_hello_world_2_lvgl\evkmimxrt1064\lvgl_demo_widgets\drivers/fsl_iomuxc.h:1272:20:IOMUXC_SetPinMux	24	static
C:\Users\Masha\OneDrive\university\thesis\mxp_hello_world_2_lvgl\evkmimxrt1064\lvgl_demo_widgets\drivers/fsl_iomuxc.h:1304:20:IOMUXC_SetPinConfig	24	static
C:/Users/Masha/OneDrive/university/thesis/mxp_hello_world_2_lvgl/evkmimxrt1064/lvgl_demo_widgets/lvgl/lvgl/src/misc/lv_color.h:595:26:lv_color_make	16	static
C:/Users/Masha/OneDrive/university/thesis/mxp_hello_world_2_lvgl/evkmimxrt1064/lvgl_demo_widgets/lvgl/lvgl/src/misc/lv_color.h:700:26:lv_color_black	8	static
C:\Users\Masha\OneDrive\university\thesis\mxp_hello_world_2_lvgl\evkmimxrt1064\lvgl_demo_widgets\lvgl\lvgl/src/core/lv_disp.h:182:26:lv_scr_act	8	static
C:\Users\Masha\OneDrive\university\thesis\mxp_hello_world_2_lvgl\evkmimxrt1064\lvgl_demo_widgets\lvgl\lvgl/src/lv_api_map.h:35:51:lv_task_handler	8	static
../source/freertos_tasks.c:23:6:init_led_pin	24	static
../source/freertos_tasks.c:41:6:LEDTask	24	static
../source/freertos_tasks.c:57:6:DisplayImage	24	static
../source/freertos_tasks.c:87:6:DisplayTask	48	static
