../source/src/common.c:29:6:CheckSemaphores	16	static
../source/src/common.c:43:6:Plants_Init	16	static
../source/src/common.c:75:5:GetMoisture	24	static
../source/src/common.c:86:9:SetMoisture	16	static
../source/src/common.c:96:5:GetMoistureThreshold	24	static
../source/src/common.c:107:9:SetMoistureThreshold	16	static
../source/src/common.c:117:10:GetDHT11	24	static
../source/src/common.c:128:9:SetDHT11	16	static
../source/src/common.c:138:5:GetTemperature	8	static
../source/src/common.c:142:5:GetHumidity	8	static
../source/src/common.c:146:9:SetTemperature	16	static
../source/src/common.c:150:9:SetHumidity	16	static
../source/src/common.c:154:6:PrintStackInfo	24	static
